// Jest Snapshot v1, https://goo.gl/fbAQLP

exports[`Navigation should render 1`] = `
<DocumentFragment>
  <navigation>
    <ul>
      <li>
        <a
          href="https://www.instagram.com/davidseow/"
        >
          Instagram
        </a>
      </li>
      <li>
        <a
          href="https://github.com/davidseow"
        >
          Github
        </a>
      </li>
      <li>
        <a
          href="https://www.linkedin.com/in/seowdavid/"
        >
          LinkedIn
        </a>
      </li>
    </ul>
  </navigation>
</DocumentFragment>
`;
